===== Starting Test Runner ===== 
Date: Wed 05/28/2025 13:14:21.98 
================================ 
v20.9.0
✅ Node.js found 
10.5.2
