"Test Output" 
